2022-10-25T12:00:48.903+0800	INFO	runtime/proc.go:250	Listening...
2022-10-25T12:02:09.710+0800	INFO	http/server.go:2084	notification:&{4 {}/{severity="page"}:{alertname="InstanceDown"} firing web\.hook map[alertname:InstanceDown] map[alertname:InstanceDown group:production instance:192.168.20.150:9100 job:node linux:ubuntu monitor:codelab-monitor severity:page xhh:test-xhh] map[description:192.168.20.150:9100 of job node has been down for more than 5 minutes. summary:Instance 192.168.20.150:9100 down] http://localhost.localdomain:9093 [{firing map[alertname:InstanceDown group:production instance:192.168.20.150:9100 job:node linux:ubuntu monitor:codelab-monitor severity:page xhh:test-xhh] map[description:192.168.20.150:9100 of job node has been down for more than 5 minutes. summary:Instance 192.168.20.150:9100 down] 2022-10-25 04:01:35.432 +0000 UTC 0001-01-01 00:00:00 +0000 UTC}]}
2022-10-25T12:02:09.710+0800	INFO	http/server.go:2084	notification:&{4 {}/{severity="page"}:{alertname="InstanceDown"} firing web\.hook map[alertname:InstanceDown] map[alertname:InstanceDown group:production instance:192.168.20.150:9100 job:node linux:ubuntu monitor:codelab-monitor severity:page xhh:test-xhh] map[description:192.168.20.150:9100 of job node has been down for more than 5 minutes. summary:Instance 192.168.20.150:9100 down] http://localhost.localdomain:9093 [{firing map[alertname:InstanceDown group:production instance:192.168.20.150:9100 job:node linux:ubuntu monitor:codelab-monitor severity:page xhh:test-xhh] map[description:192.168.20.150:9100 of job node has been down for more than 5 minutes. summary:Instance 192.168.20.150:9100 down] 2022-10-25 04:01:35.432 +0000 UTC 0001-01-01 00:00:00 +0000 UTC}]}
